
> umkm-web@0.0.0 dev
> vite --port 3201


  VITE v8.0.14  ready in 777 ms

  ➜  Local:   http://localhost:3201/
  ➜  Network: use --host to expose
8:47:19 PM [vite] (client) hmr update /src/components/SuperAdminDashboard.vue
8:47:45 PM [vite] (client) hmr update /src/App.vue
8:48:03 PM [vite] (client) page reload src/router/index.ts
8:58:56 PM [vite] (client) hmr update /src/components/AdminDashboard.vue, /src/components/AdminDashboard.vue?vue&type=style&index=0&scoped=76fc1592&lang.css
9:28:42 PM [vite] (client) hmr update /src/components/Settings.vue
9:29:39 PM [vite] (client) hmr update /src/components/POS.vue
10:10:57 PM [vite] (client) hmr update /src/App.vue, /src/components/Dashboard.vue, /src/components/DynamicDashboard.vue, /src/components/Onboarding.vue, /src/components/Journal.vue, /src/components/ProductCatalog.vue, /src/components/POS.vue, /src/components/Settings.vue, /src/components/Login.vue, /src/components/SuperAdminDashboard.vue, /src/components/Register.vue, /src/components/ResetPassword.vue, /src/components/ForgotPassword.vue
10:10:57 PM [vite] (client) page reload src/main.ts
10:11:12 PM [vite] (client) hmr update /src/components/Login.vue
10:11:24 PM [vite] (client) hmr update /src/components/Login.vue
10:13:25 PM [vite] (client) hmr update /src/components/SuperAdminDashboard.vue
11:14:09 PM [vite] (client) page reload src/router/index.ts
11:14:16 PM [vite] (client) hmr update /src/components/SuperAdminDashboard.vue
11:18:34 PM [vite] (client) hmr update /src/components/SuperAdminN8n.vue
11:19:21 PM [vite] (client) hmr update /src/components/SuperAdminN8n.vue
11:25:52 PM [vite] (client) hmr update /src/components/SuperAdminN8n.vue
11:30:32 PM [vite] (client) hmr update /src/components/SuperAdminN8n.vue
12:19:15 AM [vite] (client) hmr update /src/components/Settings.vue
12:39:44 AM [vite] (client) page reload src/router/index.ts
12:41:44 AM [vite] (client) hmr update /src/App.vue
12:41:53 AM [vite] (client) hmr update /src/components/Settings.vue
1:22:15 AM [vite] (client) hmr update /src/components/Settings.vue
1:23:09 AM [vite] (client) hmr update /src/components/Settings.vue
1:31:33 AM [vite] (client) hmr update /src/components/Settings.vue
1:31:39 AM [vite] (client) hmr update /src/components/ProductCatalog.vue
1:31:45 AM [vite] (client) hmr update /src/components/Journal.vue
1:31:57 AM [vite] (client) hmr update /src/components/Chatbot.vue
1:34:04 AM [vite] (client) hmr update /src/components/Chatbot.vue
